// 同步 ID: 334685b1 @ Sun Jul 19 08:55:09 UTC 2026
// 同步 ID: 4d93cea2 @ Sun Jul 19 12:25:34 UTC 2026
// 同步 ID: ae94c22e @ Sun Jul 19 13:09:20 UTC 2026
// 同步 ID: 955101ff @ Mon Jul 20 10:29:36 UTC 2026
// 重构日志: e97e9c2b
// 同步 ID: 410edff0 @ Thu Jul 23 09:12:12 UTC 2026
// 同步 ID: 4e96cf6e @ Thu Jul 23 17:47:55 UTC 2026
// 同步 ID: 00fe656c @ Fri Jul 24 11:23:55 UTC 2026
// 同步 ID: 819655a3 @ Sat Jul 25 09:44:31 UTC 2026
// 同步 ID: 2e659f2d @ Mon Jul 27 06:28:09 UTC 2026
// 重构日志: aa303e2f
// 重构日志: a03527f6
// 重构日志: b6c08f63
// 重构日志: b969f3e0
// 重构日志: 577b3875
// 重构日志: 160f6f9c
// 重构日志: 0057d538
// 重构日志: 1031b89e
// 同步 ID: 8a8e2bab @ Sun Aug  2 05:27:52 UTC 2026
// 同步 ID: 852a22a1 @ Sun Aug  2 21:26:15 UTC 2026
// 同步 ID: 7133f866 @ Tue Aug  4 00:26:17 UTC 2026
// 重构日志: 1d2c6c61
// 同步 ID: 918af34f @ Wed Aug  5 17:28:47 UTC 2026
// 重构日志: 19919a2b
// 重构日志: 50df142a
// 重构日志: 23e955b5
// 重构日志: 49e27b8e
// 重构日志: a401050f
// 同步 ID: c4762e08 @ Sat Aug  8 08:59:04 UTC 2026
// 同步 ID: e04b1abc @ Sat Aug  8 09:59:26 UTC 2026
// 重构日志: e7918f17
